// Jest Snapshot v1, https://goo.gl/fbAQLP

exports[`should test todoService should test create method 1`] = `
{
  "_id": "fugiat Lorem irure",
  "description": "fugiat Lorem irure",
  "fugiat00": -16000000,
  "title": "fugiat Lorem irure",
  "todoId": "fugiat Lorem irure",
}
`;

exports[`should test todoService should test delete method 1`] = `undefined`;

exports[`should test todoService should test get method 1`] = `
{
  "_id": "fugiat Lorem irure",
  "description": "fugiat Lorem irure",
  "fugiat00": -16000000,
  "title": "fugiat Lorem irure",
  "todoId": "fugiat Lorem irure",
}
`;

exports[`should test todoService should test select method 1`] = `
[
  {
    "_id": "fugiat Lorem irure",
    "description": "fugiat Lorem irure",
    "fugiat00": -16000000,
    "title": "fugiat Lorem irure",
    "todoId": "fugiat Lorem irure",
  },
]
`;

exports[`should test todoService should test update method 1`] = `
{
  "_id": "fugiat Lorem irure",
  "description": "fugiat Lorem irure",
  "fugiat00": -16000000,
  "title": "fugiat Lorem irure",
  "todoId": "fugiat Lorem irure",
}
`;
